npm warn Unknown project config "public-hoist-pattern". This will stop working in the next major version of npm.
src/registry/wheel-picker/wheel-picker.tsx(3,39): error TS2307: Cannot find module '@piyushdotcomm/react-wheel-picker' or its corresponding type declarations.
